12:04:46 **** Build of configuration Release for project libpixy_m0 ****
make -r all 
Building file: ../src/chirp.c
Invoking: MCU C Compiler
arm-none-eabi-gcc -DIPC_SLAVE -DPIXY -D__REDLIB__ -D__MULTICORE_NONE -DNDEBUG -D__CODE_RED -DCORE_M0 -DCR_PRINTF_CHAR -D__LPC43XX__ -I"C:\Programming\pixy\src\device\libpixy_m0\inc" -I../../common/inc -I../../../common/inc -O0 -g -Wall -c -fmessage-length=0 -fno-builtin -ffunction-sections -fdata-sections -mcpu=cortex-m0 -mthumb -D__REDLIB__ -MMD -MP -MF"src/chirp.d" -MT"src/chirp.o" -MT"src/chirp.d" -o "src/chirp.o" "../src/chirp.c"
Finished building: ../src/chirp.c
 
Building file: ../src/debug.c
Invoking: MCU C Compiler
arm-none-eabi-gcc -DIPC_SLAVE -DPIXY -D__REDLIB__ -D__MULTICORE_NONE -DNDEBUG -D__CODE_RED -DCORE_M0 -DCR_PRINTF_CHAR -D__LPC43XX__ -I"C:\Programming\pixy\src\device\libpixy_m0\inc" -I../../common/inc -I../../../common/inc -O0 -g -Wall -c -fmessage-length=0 -fno-builtin -ffunction-sections -fdata-sections -mcpu=cortex-m0 -mthumb -D__REDLIB__ -MMD -MP -MF"src/debug.d" -MT"src/debug.o" -MT"src/debug.d" -o "src/debug.o" "../src/debug.c"
Finished building: ../src/debug.c
 
Building file: ../src/debug_frmwrk.c
Invoking: MCU C Compiler
arm-none-eabi-gcc -DIPC_SLAVE -DPIXY -D__REDLIB__ -D__MULTICORE_NONE -DNDEBUG -D__CODE_RED -DCORE_M0 -DCR_PRINTF_CHAR -D__LPC43XX__ -I"C:\Programming\pixy\src\device\libpixy_m0\inc" -I../../common/inc -I../../../common/inc -O0 -g -Wall -c -fmessage-length=0 -fno-builtin -ffunction-sections -fdata-sections -mcpu=cortex-m0 -mthumb -D__REDLIB__ -MMD -MP -MF"src/debug_frmwrk.d" -MT"src/debug_frmwrk.o" -MT"src/debug_frmwrk.d" -o "src/debug_frmwrk.o" "../src/debug_frmwrk.c"
Finished building: ../src/debug_frmwrk.c
 
Building file: ../src/exec_m0.c
Invoking: MCU C Compiler
arm-none-eabi-gcc -DIPC_SLAVE -DPIXY -D__REDLIB__ -D__MULTICORE_NONE -DNDEBUG -D__CODE_RED -DCORE_M0 -DCR_PRINTF_CHAR -D__LPC43XX__ -I"C:\Programming\pixy\src\device\libpixy_m0\inc" -I../../common/inc -I../../../common/inc -O0 -g -Wall -c -fmessage-length=0 -fno-builtin -ffunction-sections -fdata-sections -mcpu=cortex-m0 -mthumb -D__REDLIB__ -MMD -MP -MF"src/exec_m0.d" -MT"src/exec_m0.o" -MT"src/exec_m0.d" -o "src/exec_m0.o" "../src/exec_m0.c"
Finished building: ../src/exec_m0.c
 
Building file: ../src/frame_m0.c
Invoking: MCU C Compiler
arm-none-eabi-gcc -DIPC_SLAVE -DPIXY -D__REDLIB__ -D__MULTICORE_NONE -DNDEBUG -D__CODE_RED -DCORE_M0 -DCR_PRINTF_CHAR -D__LPC43XX__ -I"C:\Programming\pixy\src\device\libpixy_m0\inc" -I../../common/inc -I../../../common/inc -O0 -g -Wall -c -fmessage-length=0 -fno-builtin -ffunction-sections -fdata-sections -mcpu=cortex-m0 -mthumb -D__REDLIB__ -MMD -MP -MF"src/frame_m0.d" -MT"src/frame_m0.o" -MT"src/frame_m0.d" -o "src/frame_m0.o" "../src/frame_m0.c"
Finished building: ../src/frame_m0.c
 
Building file: ../src/ipc_mbx.c
Invoking: MCU C Compiler
arm-none-eabi-gcc -DIPC_SLAVE -DPIXY -D__REDLIB__ -D__MULTICORE_NONE -DNDEBUG -D__CODE_RED -DCORE_M0 -DCR_PRINTF_CHAR -D__LPC43XX__ -I"C:\Programming\pixy\src\device\libpixy_m0\inc" -I../../common/inc -I../../../common/inc -O0 -g -Wall -c -fmessage-length=0 -fno-builtin -ffunction-sections -fdata-sections -mcpu=cortex-m0 -mthumb -D__REDLIB__ -MMD -MP -MF"src/ipc_mbx.d" -MT"src/ipc_mbx.o" -MT"src/ipc_mbx.d" -o "src/ipc_mbx.o" "../src/ipc_mbx.c"
../src/ipc_mbx.c: In function 'IPC_resetMbxFlag':
../src/ipc_mbx.c:55:4: warning: 'wasMasked' is used uninitialized in this function [-Wuninitialized]
  if(!wasMasked)  __enable_irq();\
    ^
../src/ipc_mbx.c:58:27: note: 'wasMasked' was declared here
  #define IRQ_LOCK_KEY int wasMasked;
                           ^
../src/ipc_mbx.c:82:3: note: in expansion of macro 'IRQ_LOCK_KEY'
   IRQ_LOCK_KEY
   ^
../src/ipc_mbx.c: In function '_setMbxStatus':
../src/ipc_mbx.c:55:4: warning: 'wasMasked' is used uninitialized in this function [-Wuninitialized]
  if(!wasMasked)  __enable_irq();\
    ^
../src/ipc_mbx.c:58:27: note: 'wasMasked' was declared here
  #define IRQ_LOCK_KEY int wasMasked;
                           ^
../src/ipc_mbx.c:104:2: note: in expansion of macro 'IRQ_LOCK_KEY'
  IRQ_LOCK_KEY
  ^
Finished building: ../src/ipc_mbx.c
 
Building file: ../src/lpc43xx_adc.c
Invoking: MCU C Compiler
arm-none-eabi-gcc -DIPC_SLAVE -DPIXY -D__REDLIB__ -D__MULTICORE_NONE -DNDEBUG -D__CODE_RED -DCORE_M0 -DCR_PRINTF_CHAR -D__LPC43XX__ -I"C:\Programming\pixy\src\device\libpixy_m0\inc" -I../../common/inc -I../../../common/inc -O0 -g -Wall -c -fmessage-length=0 -fno-builtin -ffunction-sections -fdata-sections -mcpu=cortex-m0 -mthumb -D__REDLIB__ -MMD -MP -MF"src/lpc43xx_adc.d" -MT"src/lpc43xx_adc.o" -MT"src/lpc43xx_adc.d" -o "src/lpc43xx_adc.o" "../src/lpc43xx_adc.c"
Finished building: ../src/lpc43xx_adc.c
 
Building file: ../src/lpc43xx_cgu.c
Invoking: MCU C Compiler
arm-none-eabi-gcc -DIPC_SLAVE -DPIXY -D__REDLIB__ -D__MULTICORE_NONE -DNDEBUG -D__CODE_RED -DCORE_M0 -DCR_PRINTF_CHAR -D__LPC43XX__ -I"C:\Programming\pixy\src\device\libpixy_m0\inc" -I../../common/inc -I../../../common/inc -O0 -g -Wall -c -fmessage-length=0 -fno-builtin -ffunction-sections -fdata-sections -mcpu=cortex-m0 -mthumb -D__REDLIB__ -MMD -MP -MF"src/lpc43xx_cgu.d" -MT"src/lpc43xx_cgu.o" -MT"src/lpc43xx_cgu.d" -o "src/lpc43xx_cgu.o" "../src/lpc43xx_cgu.c"
Finished building: ../src/lpc43xx_cgu.c
 
Building file: ../src/lpc43xx_i2c.c
Invoking: MCU C Compiler
arm-none-eabi-gcc -DIPC_SLAVE -DPIXY -D__REDLIB__ -D__MULTICORE_NONE -DNDEBUG -D__CODE_RED -DCORE_M0 -DCR_PRINTF_CHAR -D__LPC43XX__ -I"C:\Programming\pixy\src\device\libpixy_m0\inc" -I../../common/inc -I../../../common/inc -O0 -g -Wall -c -fmessage-length=0 -fno-builtin -ffunction-sections -fdata-sections -mcpu=cortex-m0 -mthumb -D__REDLIB__ -MMD -MP -MF"src/lpc43xx_i2c.d" -MT"src/lpc43xx_i2c.o" -MT"src/lpc43xx_i2c.d" -o "src/lpc43xx_i2c.o" "../src/lpc43xx_i2c.c"
Finished building: ../src/lpc43xx_i2c.c
 
Building file: ../src/lpc43xx_scu.c
Invoking: MCU C Compiler
arm-none-eabi-gcc -DIPC_SLAVE -DPIXY -D__REDLIB__ -D__MULTICORE_NONE -DNDEBUG -D__CODE_RED -DCORE_M0 -DCR_PRINTF_CHAR -D__LPC43XX__ -I"C:\Programming\pixy\src\device\libpixy_m0\inc" -I../../common/inc -I../../../common/inc -O0 -g -Wall -c -fmessage-length=0 -fno-builtin -ffunction-sections -fdata-sections -mcpu=cortex-m0 -mthumb -D__REDLIB__ -MMD -MP -MF"src/lpc43xx_scu.d" -MT"src/lpc43xx_scu.o" -MT"src/lpc43xx_scu.d" -o "src/lpc43xx_scu.o" "../src/lpc43xx_scu.c"
Finished building: ../src/lpc43xx_scu.c
 
Building file: ../src/lpc43xx_ssp.c
Invoking: MCU C Compiler
arm-none-eabi-gcc -DIPC_SLAVE -DPIXY -D__REDLIB__ -D__MULTICORE_NONE -DNDEBUG -D__CODE_RED -DCORE_M0 -DCR_PRINTF_CHAR -D__LPC43XX__ -I"C:\Programming\pixy\src\device\libpixy_m0\inc" -I../../common/inc -I../../../common/inc -O0 -g -Wall -c -fmessage-length=0 -fno-builtin -ffunction-sections -fdata-sections -mcpu=cortex-m0 -mthumb -D__REDLIB__ -MMD -MP -MF"src/lpc43xx_ssp.d" -MT"src/lpc43xx_ssp.o" -MT"src/lpc43xx_ssp.d" -o "src/lpc43xx_ssp.o" "../src/lpc43xx_ssp.c"
Finished building: ../src/lpc43xx_ssp.c
 
Building file: ../src/lpc43xx_uart.c
Invoking: MCU C Compiler
arm-none-eabi-gcc -DIPC_SLAVE -DPIXY -D__REDLIB__ -D__MULTICORE_NONE -DNDEBUG -D__CODE_RED -DCORE_M0 -DCR_PRINTF_CHAR -D__LPC43XX__ -I"C:\Programming\pixy\src\device\libpixy_m0\inc" -I../../common/inc -I../../../common/inc -O0 -g -Wall -c -fmessage-length=0 -fno-builtin -ffunction-sections -fdata-sections -mcpu=cortex-m0 -mthumb -D__REDLIB__ -MMD -MP -MF"src/lpc43xx_uart.d" -MT"src/lpc43xx_uart.o" -MT"src/lpc43xx_uart.d" -o "src/lpc43xx_uart.o" "../src/lpc43xx_uart.c"
Finished building: ../src/lpc43xx_uart.c
 
Building file: ../src/qqueue.c
Invoking: MCU C Compiler
arm-none-eabi-gcc -DIPC_SLAVE -DPIXY -D__REDLIB__ -D__MULTICORE_NONE -DNDEBUG -D__CODE_RED -DCORE_M0 -DCR_PRINTF_CHAR -D__LPC43XX__ -I"C:\Programming\pixy\src\device\libpixy_m0\inc" -I../../common/inc -I../../../common/inc -O0 -g -Wall -c -fmessage-length=0 -fno-builtin -ffunction-sections -fdata-sections -mcpu=cortex-m0 -mthumb -D__REDLIB__ -MMD -MP -MF"src/qqueue.d" -MT"src/qqueue.o" -MT"src/qqueue.d" -o "src/qqueue.o" "../src/qqueue.c"
Finished building: ../src/qqueue.c
 
Building file: ../src/rls_m0.c
Invoking: MCU C Compiler
arm-none-eabi-gcc -DIPC_SLAVE -DPIXY -D__REDLIB__ -D__MULTICORE_NONE -DNDEBUG -D__CODE_RED -DCORE_M0 -DCR_PRINTF_CHAR -D__LPC43XX__ -I"C:\Programming\pixy\src\device\libpixy_m0\inc" -I../../common/inc -I../../../common/inc -O0 -g -Wall -c -fmessage-length=0 -fno-builtin -ffunction-sections -fdata-sections -mcpu=cortex-m0 -mthumb -D__REDLIB__ -MMD -MP -MF"src/rls_m0.d" -MT"src/rls_m0.o" -MT"src/rls_m0.d" -o "src/rls_m0.o" "../src/rls_m0.c"
../src/rls_m0.c: In function 'lineProcessedRL1A':
../src/rls_m0.c:371:1: warning: control reaches end of non-void function [-Wreturn-type]
 } 
 ^
Finished building: ../src/rls_m0.c
 
Building file: ../src/smlink.c
Invoking: MCU C Compiler
arm-none-eabi-gcc -DIPC_SLAVE -DPIXY -D__REDLIB__ -D__MULTICORE_NONE -DNDEBUG -D__CODE_RED -DCORE_M0 -DCR_PRINTF_CHAR -D__LPC43XX__ -I"C:\Programming\pixy\src\device\libpixy_m0\inc" -I../../common/inc -I../../../common/inc -O0 -g -Wall -c -fmessage-length=0 -fno-builtin -ffunction-sections -fdata-sections -mcpu=cortex-m0 -mthumb -D__REDLIB__ -MMD -MP -MF"src/smlink.d" -MT"src/smlink.o" -MT"src/smlink.d" -o "src/smlink.o" "../src/smlink.c"
Finished building: ../src/smlink.c
 
Building file: ../src/system_LPC43xx.c
Invoking: MCU C Compiler
arm-none-eabi-gcc -DIPC_SLAVE -DPIXY -D__REDLIB__ -D__MULTICORE_NONE -DNDEBUG -D__CODE_RED -DCORE_M0 -DCR_PRINTF_CHAR -D__LPC43XX__ -I"C:\Programming\pixy\src\device\libpixy_m0\inc" -I../../common/inc -I../../../common/inc -O0 -g -Wall -c -fmessage-length=0 -fno-builtin -ffunction-sections -fdata-sections -mcpu=cortex-m0 -mthumb -D__REDLIB__ -MMD -MP -MF"src/system_LPC43xx.d" -MT"src/system_LPC43xx.o" -MT"src/system_LPC43xx.d" -o "src/system_LPC43xx.o" "../src/system_LPC43xx.c"
Finished building: ../src/system_LPC43xx.c
 
Building target: liblibpixy_m0.a
Invoking: MCU Archiver
arm-none-eabi-ar -r  "liblibpixy_m0.a"  ./src/chirp.o ./src/debug.o ./src/debug_frmwrk.o ./src/exec_m0.o ./src/frame_m0.o ./src/ipc_mbx.o ./src/lpc43xx_adc.o ./src/lpc43xx_cgu.o ./src/lpc43xx_i2c.o ./src/lpc43xx_scu.o ./src/lpc43xx_ssp.o ./src/lpc43xx_uart.o ./src/qqueue.o ./src/rls_m0.o ./src/smlink.o ./src/system_LPC43xx.o   
c:\nxp\LPCXpresso_7.6.2_326\lpcxpresso\tools\bin\arm-none-eabi-ar.exe: creating liblibpixy_m0.a
Finished building target: liblibpixy_m0.a
 
/usr/bin/make --no-print-directory post-build
Performing post-build steps
arm-none-eabi-size "liblibpixy_m0.a" ; # arm-none-eabi-objdump -h -S "liblibpixy_m0.a" >"liblibpixy_m0.lss"
   text	   data	    bss	    dec	    hex	filename
   4960	      0	     32	   4992	   1380	chirp.o (ex liblibpixy_m0.a)
     40	      0	      0	     40	     28	debug.o (ex liblibpixy_m0.a)
   1704	      0	      0	   1704	    6a8	debug_frmwrk.o (ex liblibpixy_m0.a)
    280	      9	      2	    291	    123	exec_m0.o (ex liblibpixy_m0.a)
   1656	      0	      0	   1656	    678	frame_m0.o (ex liblibpixy_m0.a)
   1744	      0	      0	   1744	    6d0	ipc_mbx.o (ex liblibpixy_m0.a)
    788	      0	      0	    788	    314	lpc43xx_adc.o (ex liblibpixy_m0.a)
   4824	     68	      0	   4892	   131c	lpc43xx_cgu.o (ex liblibpixy_m0.a)
   4016	      0	     52	   4068	    fe4	lpc43xx_i2c.o (ex liblibpixy_m0.a)
     92	      0	      0	     92	     5c	lpc43xx_scu.o (ex liblibpixy_m0.a)
   1728	      0	      0	   1728	    6c0	lpc43xx_ssp.o (ex liblibpixy_m0.a)
   2612	      0	      0	   2612	    a34	lpc43xx_uart.o (ex liblibpixy_m0.a)
    168	      4	      0	    172	     ac	qqueue.o (ex liblibpixy_m0.a)
    828	      0	      4	    832	    340	rls_m0.o (ex liblibpixy_m0.a)
    244	      0	      0	    244	     f4	smlink.o (ex liblibpixy_m0.a)
      8	      0	      0	      8	      8	system_LPC43xx.o (ex liblibpixy_m0.a)
 

12:04:49 Build Finished (took 3s.771ms)

